// Jest Snapshot v1, https://goo.gl/fbAQLP

exports[`StatBar renders the bar with correct width and color 1`] = `null`;
