// Jest Snapshot v1, https://goo.gl/fbAQLP

exports[`Stats renders the section title and stat rows 1`] = `null`;
