// Jest Snapshot v1, https://goo.gl/fbAQLP

exports[`Abilities renders the section title and ability names 1`] = `null`;
